// Jest Snapshot v1, https://goo.gl/fbAQLP

exports[`should render expenseList with empty message 1`] = `
<div
  className="content-container"
>
  <div
    className="list-header"
  >
    <div
      className="show-mobile"
    >
      Expenses
    </div>
    <div
      className="show-desktop"
    >
      Expense
    </div>
    <div
      className="show-desktop"
    >
      Amount
    </div>
  </div>
  <div
    className="list-body"
  >
    <div
      className="list-item list-item--message"
    >
      <span>
        No expenses!
      </span>
    </div>
  </div>
</div>
`;

exports[`should render expenseList with expenses 1`] = `
<div
  className="content-container"
>
  <div
    className="list-header"
  >
    <div
      className="show-mobile"
    >
      Expenses
    </div>
    <div
      className="show-desktop"
    >
      Expense
    </div>
    <div
      className="show-desktop"
    >
      Amount
    </div>
  </div>
  <div
    className="list-body"
  >
    <Connect(ExpenseListItem)
      amount={195}
      createdAt={0}
      description="gum"
      history={
        Object {
          "action": "POP",
          "block": [Function],
          "createHref": [Function],
          "go": [Function],
          "goBack": [Function],
          "goForward": [Function],
          "length": 2,
          "listen": [Function],
          "location": Object {
            "hash": "",
            "pathname": "/",
            "search": "",
            "state": undefined,
          },
          "push": [Function],
          "replace": [Function],
        }
      }
      id="1"
      key="1"
      note=""
    />
    <Connect(ExpenseListItem)
      amount={25000}
      createdAt={-345600000}
      description="rent"
      history={
        Object {
          "action": "POP",
          "block": [Function],
          "createHref": [Function],
          "go": [Function],
          "goBack": [Function],
          "goForward": [Function],
          "length": 2,
          "listen": [Function],
          "location": Object {
            "hash": "",
            "pathname": "/",
            "search": "",
            "state": undefined,
          },
          "push": [Function],
          "replace": [Function],
        }
      }
      id="2"
      key="2"
      note=""
    />
    <Connect(ExpenseListItem)
      amount={4500}
      createdAt={345600000}
      description="credit card"
      history={
        Object {
          "action": "POP",
          "block": [Function],
          "createHref": [Function],
          "go": [Function],
          "goBack": [Function],
          "goForward": [Function],
          "length": 2,
          "listen": [Function],
          "location": Object {
            "hash": "",
            "pathname": "/",
            "search": "",
            "state": undefined,
          },
          "push": [Function],
          "replace": [Function],
        }
      }
      id="3"
      key="3"
      note=""
    />
  </div>
</div>
`;
