// Jest Snapshot v1, https://goo.gl/fbAQLP

exports[`should render ExpenseListItem with fixture data 1`] = `
<div>
  <h3>
    gum
  </h3>
  <p>
    Amount: 
    $1.95
  </p>
  <p>
    Created: 
    December 31st, 1969
  </p>
  <Link
    replace={false}
    to="/edit/1"
  >
    <button>
      Edit
    </button>
  </Link>
</div>
`;
